category_cluster,supplier_name,1/7/2019,2/7/2019,3/7/2019,4/7/2019,5/7/2019,6/7/2019,7/7/2019,8/7/2019,9/7/2019,10/7/2019,11/7/2019,12/7/2019,13/7/2019,14/7/2019,15/7/2019,16/7/2019,17/7/2019,18/7/2019,19/7/2019,20/7/2019,21/7/2019,22/7/2019,23/7/2019,24/7/2019,25/7/2019,26/7/2019,27/7/2019,28/7/2019,29/7/2019,30/7/2019,31/7/2019,1/8/2019,2/8/2019,3/8/2019,4/8/2019,5/8/2019,6/8/2019,7/8/2019,8/8/2019,9/8/2019,10/8/2019,11/8/2019,12/8/2019,13/8/2019,14/8/2019,15/8/2019,16/8/2019,17/8/2019,18/8/2019,19/8/2019,20/8/2019,21/8/2019,22/8/2019,23/8/2019,24/8/2019,25/8/2019,26/8/2019,27/8/2019,28/8/2019,29/8/2019,30/8/2019,31/8/2019,1/9/2019,2/9/2019,3/9/2019,4/9/2019,5/9/2019,6/9/2019,7/9/2019,8/9/2019,9/9/2019,10/9/2019,11/9/2019,12/9/2019,13/9/2019,14/9/2019,15/9/2019,16/9/2019,17/9/2019,18/9/2019,19/9/2019,20/9/2019,21/9/2019,22/9/2019,23/9/2019,24/9/2019,25/9/2019,26/9/2019,27/9/2019,28/9/2019,29/9/2019,30/9/2019
EL,VN_Supplier_A,0,150,0,400,0,0,0,0,0,0,0,0,0,0,0,0,0,0,0,0,0,0,0,0,0,50,0,50,0,0,0,0,0,0,0,0,500,0,0,0,0,0,0,0,0,0,0,0,0,0,0,0,0,0,0,0,0,0,0,0,0,450,0,0,0,0,0,0,0,0,0,0,0,0,0,0,0,0,0,0,0,0,0,0,0,0,0,0,0,0,0,0
FMCG,VN_Supplier_B,0,0,0,0,0,0,0,2300,0,0,0,0,0,0,0,0,0,0,0,0,0,0,0,0,0,0,0,0,0,0,0,0,0,0,500,0,0,0,0,0,0,0,0,0,0,0,0,0,0,0,0,0,0,0,0,0,0,0,0,0,0,0,0,50,0,0,0,450,0,0,0,0,0,0,0,0,0,0,0,0,0,0,0,0,0,0,0,0,0,0,0,0
lifestyle,VN_Supplier_C,0,0,0,0,0,0,0,0,0,0,0,0,0,0,0,0,0,0,0,0,0,0,0,0,0,0,0,0,0,0,0,1000,200,0,0,0,0,800,0,0,0,0,0,0,0,0,0,0,0,0,0,0,0,0,0,0,0,0,0,0,0,0,0,0,0,300,0,0,0,0,0,0,0,0,0,0,0,0,0,0,0,0,300,0,0,0,0,0,0,0,0,0
